123
123
123
123
123
123
123.000000
123.000000
123.000000
