-26
-12
15.057208
48.673913
36.673913
8
7.500000
2
2.000000
11
10
30
7
2
11.000000
9.800000
29.400000
8.400000
2.900000
6.000000
7.000000
4
4
6.250000
6.250000
3
2.500000
