0b0
0b1
0b0
0b1
0b10000000
0b0
0b11111111
0b1000000000000000
0b111111111111111
0b0
0b1111111111111111
0b10000000000000000000000000000000
0b1111111111111111111111111111111
0b0
0b11111111111111111111111111111111
0b10000000000000000000000000000000
0b1111111111111111111111111111111
0b0
0b11111111111111111111111111111111
0b111100
0b0
0b10000000000000000000000000000000
0b1111111111111111111111111111111
0b0
0b11111111111111111111111111111111
