{'a': '1.000000', 'b': '2.000000', 'c': '3.000000', }
9.000000
a
b
c
z
1.000000
2.000000
3.000000
9.000000
