1
1.500000
True
1.000000
2
True
2
2.500000
(2, 2.500000, )
3
3.500000
False
4
4.500000
5
3.000000
4
True
5.000000
6
6.000000
