255
0x0
0x1
0x0
0x1
0x80
0x0
0xff
0x8000
0x7fff
0x0
0xffff
0x80000000
0x7fffffff
0x0
0xffffffff
0x80000000
0x7fffffff
0x0
0xffffffff
0x3c
0x0
0x80000000
0x7fffffff
0x0
0xffffffff
