0
1
2
3
4
constant0
constant1
constant2
function1
