3
1
4
5
6
7
8
9
10
11
12
13
14
15
16
17
18
19
20
50
True
False
50
2
9
5
1.000000
['avocado', 'banana', 'orange', ]
3
avocado
pineaple
True
False
pineaple
abc
cde
4
3
True
False
True
False
True
10.000000
5.000000
40.000000
99.000000
100.000000
110.000000
40.000000
30.000000
20.000000
10.000000
10.000000
20.000000
30.000000
40.000000
2.000000
0.000000
2.000000
0.000000
5
10.000000
6
20.000000
7
30.000000
8
40.000000
pineaple
10.000000
banana
20.000000
orange
30.000000
['10.000000', '20.000000', '30.000000', '40.000000', ]
['40.000000', '30.000000', '20.000000', '10.000000', ]
