255
0o0
0o1
0o0
0o1
0o200
0o0
0o377
0o100000
0o77777
0o0
0o177777
0o20000000000
0o17777777777
0o0
0o37777777777
0o20000000000
0o17777777777
0o0
0o37777777777
0o74
0o0
0o20000000000
0o17777777777
0o0
0o37777777777
