{'1', '2', '3', '4', '6', '101', '5', }
2
3
4
6
9
101
5
1
