True
False
True
True
False
True
False
True
5
True
1
True
6
True
4.100000
True
1.000000
True
1
True
1.000000
True
9.000000
True
1.500000
True
11.000000
True
1.000000
True
16.100000
True
1.500000
True
27.100000
True
5
