0.240601
0.484127
10
36
-31
-28
12
-15
-0.183770
-0.699731
0.173103
0.263270
0.227719
-0.177322
